// Jest Snapshot v1, https://goo.gl/fbAQLP

exports[`CustomButton matches snapshot with default props 1`] = `
<View
  accessibilityState={
    {
      "busy": undefined,
      "checked": undefined,
      "disabled": undefined,
      "expanded": undefined,
      "selected": undefined,
    }
  }
  accessibilityValue={
    {
      "max": undefined,
      "min": undefined,
      "now": undefined,
      "text": undefined,
    }
  }
  accessible={true}
  collapsable={false}
  focusable={true}
  onClick={[Function]}
  onResponderGrant={[Function]}
  onResponderMove={[Function]}
  onResponderRelease={[Function]}
  onResponderTerminate={[Function]}
  onResponderTerminationRequest={[Function]}
  onStartShouldSetResponder={[Function]}
  style={
    {
      "alignItems": "center",
      "backgroundColor": "Yellow",
      "borderRadius": 15,
      "height": "60%",
      "justifyContent": "center",
      "opacity": 1,
      "padding": 10,
      "width": "60%",
    }
  }
>
  <Text
    style={
      {
        "color": "white",
        "textAlign": "center",
      }
    }
  >
    Click Me
  </Text>
</View>
`;
